Microchip MPLAB XC8 Compiler V2.46

Linker command line:

-W-3 \
  --edf=C:\Program Files\Microchip\xc8\v2.46\pic\dat\20240104201356_en.msgs \
  -cn -h+dist/default/production\Car_black_box.X.production.sym \
  --cmf=dist/default/production\Car_black_box.X.production.cmf -z -Q16F877A \
  -oC:\Users\Acer\AppData\Local\Temp\xcAs3e4.\driver_tmp_3.o \
  --defsym=__MPLAB_BUILD=1 --fixupoverflow=error \
  -Mdist/default/production/Car_black_box.X.production.map \
  --md=C:\Users\Acer\AppData\Local\Temp\xcAs3e4.\driver_tmp_0.dat -E1 \
  -ver=XC8 Compiler --acfsm=1493 -ACODE=00h-07FFhx4 -ASTRCODE=00h-01FFFh \
  -ASTRING=00h-0FFhx32 -ACONST=00h-0FFhx32 -AENTRY=00h-0FFhx32 \
  -ACOMMON=070h-07Fh -ABANK0=020h-06Fh -ABANK1=0A0h-0EFh \
  -ABANK2=0110h-016Fh -ABANK3=0190h-01EFh \
  -ARAM=020h-06Fh,0A0h-0EFh,0110h-016Fh,0190h-01EFh \
  -AABS1=020h-07Fh,0A0h-0EFh,0110h-016Fh,0190h-01EFh -ASFR0=00h-01Fh \
  -ASFR1=080h-09Fh -ASFR2=0100h-010Fh -ASFR3=0180h-018Fh \
  -ACONFIG=02007h-02007h -DCONFIG=2 -AIDLOC=02000h-02003h -DIDLOC=2 \
  -AEEDATA=00h-0FFh/02100h -peeprom_data=EEDATA -DEEDATA=2 -DCODE=2 \
  -DSTRCODE=2 -DSTRING=2 -DCONST=2 -DENTRY=2 \
  -preset_vec=00h,intentry=04h,sivt,init,end_init -ppowerup=CODE \
  -pcinit=CODE -pfunctab=ENTRY -k \
  C:\Users\Acer\AppData\Local\Temp\xcAs3e4.\driver_tmp_12.o \
  dist/default/production\Car_black_box.X.production.o 

Object code version is 3.11

Machine type is 16F877A



                Name                               Link     Load   Length Selector   Space Scale
C:\Users\Acer\AppData\Local\Temp\xcAs3e4.\driver_tmp_12.o
                end_init                              C        C        3        8       0
                reset_vec                             0        0        3        0       0
                config                             2007     2007        1        0       4
dist/default/production\Car_black_box.X.production.o
                cinit                                 F        F       34        8       0
                intentry                              4        4        8        8       0
                config                             2007     2007        1        0       4
                text52                             112E     112E       2C     225C       0
                text51                             1FE0     1FE0       20     3FC0       0
                text50                             1187     1187       2F     230E       0
                text49                             1F63     1F63       15     3EC6       0
                text48                             10AE     10AE       2A     215C       0
                text47                             1086     1086       28     210C       0
                text46                             115A     115A       2D     22B4       0
                text45                              915      915      114     122A       0
                text44                             12A0     12A0       44     2540       0
                text43                             1221     1221       3C     2442       0
                text42                             1542     1542       91     2A84       0
                text41                             1F8D     1F8D       16     3F1A       0
                text40                             1F20     1F20        D     3E40       0
                text39                             1EE4     1EE4        9     3DC8       0
                text38                             1EED     1EED        9     3DDA       0
                text37                             1EFF     1EFF        B     3DFE       0
                text36                             1FA3     1FA3       1E     3F46       0
                text35                              CC3      CC3      182     1986       0
                text34                             1392     1392       67     2724       0
                text33                             1339     1339       59     2672       0
                text32                             1F78     1F78       15     3EF0       0
                text31                             101E     101E       21     203C       0
                text30                             1F0A     1F0A        B     3E14       0
                text29                             10D8     10D8       2B     21B0       0
                text28                             103F     103F       21     207E       0
                text27                             1000     1000       1E     1C8A       0
                text26                               43       43      304        8       0
                text25                             1103     1103       2B     2206       0
                text24                              A29      A29      13F     1452       0
                text23                              E45      E45      1BB     1C8A       0
                text22                             1F15     1F15        B     3E2A       0
                text21                             1060     1060       26     20C0       0
                text20                             11E6     11E6       3B     23CC       0
                text19                              516      516       D8        8       0
                text18                             15D3     15D3       B9     2BA6       0
                text17                              B68      B68      15B     16D0       0
                text16                             1ED5     1ED5        7     3DAA       0
                text15                             12E4     12E4       55     25C8       0
                text14                              801      801        B     1002       0
                text13                             1ECF     1ECF        6     3D9E       0
                text12                             1F3D     1F3D       13     3E7A       0
                text11                             13F9     13F9       68     27F2       0
                text10                              7CE      7CE       32      F9C       0
                text9                              1EF6     1EF6        9     3DEC       0
                text8                              11B6     11B6       30     236C       0
                text7                              125D     125D       43     24BA       0
                text6                               347      347      1CF        8       0
                text5                              14CA     14CA       78     2994       0
                text4                              168C     168C       BA     2D18       0
                text3                              1461     1461       69     28C2       0
                text2                              1FC1     1FC1       1F     3F82       0
                text1                              1746     1746       BA     2E8C       0
                maintext                            80C      80C      109     1018       0
                cstackBANK0                          20       20       43       20       1
                cstackCOMMON                         70       70        A       70       1
                cstackBANK1                          D2       D2        8       A0       1
                clrtext                            1EDC     1EDC        8     3DB8       0
                inittext                           1F50     1F50       13     3EA0       0
                dataBANK1                            C2       C2       10       A0       1
                bssBANK1                             A0       A0       22       A0       1
                dataBANK0                            6C       6C        1       20       1
                bssBANK0                             63       63        9       20       1
                dataCOMMON                           7A       7A        2       70       1
                stringtext                          600      600      1CE        C       0
                strings                             5EE      5EE       12      BDC       0
                idataBANK1                         1F2D     1F2D       10     3E5A       0
                idataBANK0                            3        3        1        0       0
                idataCOMMON                        1ECD     1ECD        2     3D9A       0

TOTAL           Name                               Link     Load   Length     Space
        CLASS   CODE           
                end_init                              C        C        3         0
                cinit                                 F        F       34         0
                intentry                              4        4        8         0
                reset_vec                             0        0        3         0
                text52                             112E     112E       2C         0
                text51                             1FE0     1FE0       20         0
                text50                             1187     1187       2F         0
                text49                             1F63     1F63       15         0
                text48                             10AE     10AE       2A         0
                text47                             1086     1086       28         0
                text46                             115A     115A       2D         0
                text45                              915      915      114         0
                text44                             12A0     12A0       44         0
                text43                             1221     1221       3C         0
                text42                             1542     1542       91         0
                text41                             1F8D     1F8D       16         0
                text40                             1F20     1F20        D         0
                text39                             1EE4     1EE4        9         0
                text38                             1EED     1EED        9         0
                text37                             1EFF     1EFF        B         0
                text36                             1FA3     1FA3       1E         0
                text35                              CC3      CC3      182         0
                text34                             1392     1392       67         0
                text33                             1339     1339       59         0
                text32                             1F78     1F78       15         0
                text31                             101E     101E       21         0
                text30                             1F0A     1F0A        B         0
                text29                             10D8     10D8       2B         0
                text28                             103F     103F       21         0
                text27                             1000     1000       1E         0
                text26                               43       43      304         0
                text25                             1103     1103       2B         0
                text24                              A29      A29      13F         0
                text23                              E45      E45      1BB         0
                text22                             1F15     1F15        B         0
                text21                             1060     1060       26         0
                text20                             11E6     11E6       3B         0
                text19                              516      516       D8         0
                text18                             15D3     15D3       B9         0
                text17                              B68      B68      15B         0
                text16                             1ED5     1ED5        7         0
                text15                             12E4     12E4       55         0
                text14                              801      801        B         0
                text13                             1ECF     1ECF        6         0
                text12                             1F3D     1F3D       13         0
                text11                             13F9     13F9       68         0
                text10                              7CE      7CE       32         0
                text9                              1EF6     1EF6        9         0
                text8                              11B6     11B6       30         0
                text7                              125D     125D       43         0
                text6                               347      347      1CF         0
                text5                              14CA     14CA       78         0
                text4                              168C     168C       BA         0
                text3                              1461     1461       69         0
                text2                              1FC1     1FC1       1F         0
                text1                              1746     1746       BA         0
                maintext                            80C      80C      109         0
                clrtext                            1EDC     1EDC        8         0
                inittext                           1F50     1F50       13         0
                idataBANK1                         1F2D     1F2D       10         0
                idataBANK0                            3        3        1         0
                idataCOMMON                        1ECD     1ECD        2         0

        CLASS   STRCODE        
                stringtext                          600      600      1CE         0

        CLASS   STRING         
                strings                             5EE      5EE       12         0

        CLASS   CONST          

        CLASS   ENTRY          

        CLASS   COMMON         
                cstackCOMMON                         70       70        A         1
                dataCOMMON                           7A       7A        2         1

        CLASS   BANK0          
                cstackBANK0                          20       20       43         1
                dataBANK0                            6C       6C        1         1
                bssBANK0                             63       63        9         1

        CLASS   BANK1          
                cstackBANK1                          D2       D2        8         1
                dataBANK1                            C2       C2       10         1
                bssBANK1                             A0       A0       22         1

        CLASS   BANK2          

        CLASS   BANK3          

        CLASS   RAM            

        CLASS   ABS1           
                abs_s1                               7E       7E        2         1

        CLASS   SFR0           

        CLASS   SFR1           

        CLASS   SFR2           

        CLASS   SFR3           

        CLASS   CONFIG         
                config                             2007     2007        1         4

        CLASS   IDLOC          

        CLASS   EEDATA         

        CLASS   HEAP           

        CLASS   STACK          



SEGMENTS        Name                           Load    Length   Top    Selector   Space  Class     Delta

                reset_vec                      000000  000004  000004         0       0  CODE        2
                intentry                       000004  0005EA  0005EE         8       0  CODE        2
                cstackBANK0                    000020  00004D  00006D        20       1  BANK0       1
                cstackCOMMON                   000070  00000C  00007C        70       1  COMMON      1
                bssBANK1                       0000A0  00003A  0000DA        A0       1  BANK1       1
                strings                        0005EE  000012  000600       BDC       0  STRING      2
                stringtext                     000600  0001CE  0007CE         C       0  STRCODE     2
                text10                         0007CE  000032  000800       F9C       0  CODE        2
                text14                         000801  00000B  00080C      1002       0  CODE        2
                maintext                       00080C  000109  000915      1018       0  CODE        2
                text45                         000915  000114  000A29      122A       0  CODE        2
                text24                         000A29  00013F  000B68      1452       0  CODE        2
                text17                         000B68  00015B  000CC3      16D0       0  CODE        2
                text35                         000CC3  000182  000E45      1986       0  CODE        2
                text23                         000E45  0001D9  00101E      1C8A       0  CODE        2
                text31                         00101E  000021  00103F      203C       0  CODE        2
                text28                         00103F  000021  001060      207E       0  CODE        2
                text21                         001060  000026  001086      20C0       0  CODE        2
                text47                         001086  000028  0010AE      210C       0  CODE        2
                text48                         0010AE  00002A  0010D8      215C       0  CODE        2
                text29                         0010D8  00002B  001103      21B0       0  CODE        2
                text25                         001103  00002B  00112E      2206       0  CODE        2
                text52                         00112E  00002C  00115A      225C       0  CODE        2
                text46                         00115A  00002D  001187      22B4       0  CODE        2
                text50                         001187  00002F  0011B6      230E       0  CODE        2
                text8                          0011B6  000030  0011E6      236C       0  CODE        2
                text20                         0011E6  00003B  001221      23CC       0  CODE        2
                text43                         001221  00003C  00125D      2442       0  CODE        2
                text7                          00125D  000043  0012A0      24BA       0  CODE        2
                text44                         0012A0  000044  0012E4      2540       0  CODE        2
                text15                         0012E4  000055  001339      25C8       0  CODE        2
                text33                         001339  000059  001392      2672       0  CODE        2
                text34                         001392  000067  0013F9      2724       0  CODE        2
                text11                         0013F9  000068  001461      27F2       0  CODE        2
                text3                          001461  000069  0014CA      28C2       0  CODE        2
                text5                          0014CA  000078  001542      2994       0  CODE        2
                text42                         001542  000091  0015D3      2A84       0  CODE        2
                text18                         0015D3  0000B9  00168C      2BA6       0  CODE        2
                text4                          00168C  0000BA  001746      2D18       0  CODE        2
                text1                          001746  0000BA  001800      2E8C       0  CODE        2
                idataCOMMON                    001ECD  000002  001ECF      3D9A       0  CODE        2
                text13                         001ECF  000006  001ED5      3D9E       0  CODE        2
                text16                         001ED5  000007  001EDC      3DAA       0  CODE        2
                clrtext                        001EDC  000008  001EE4      3DB8       0  CODE        2
                text39                         001EE4  000009  001EED      3DC8       0  CODE        2
                text38                         001EED  000009  001EF6      3DDA       0  CODE        2
                text9                          001EF6  000009  001EFF      3DEC       0  CODE        2
                text37                         001EFF  00000B  001F0A      3DFE       0  CODE        2
                text30                         001F0A  00000B  001F15      3E14       0  CODE        2
                text22                         001F15  00000B  001F20      3E2A       0  CODE        2
                text40                         001F20  00000D  001F2D      3E40       0  CODE        2
                idataBANK1                     001F2D  000010  001F3D      3E5A       0  CODE        2
                text12                         001F3D  000013  001F50      3E7A       0  CODE        2
                inittext                       001F50  000013  001F63      3EA0       0  CODE        2
                text49                         001F63  000015  001F78      3EC6       0  CODE        2
                text32                         001F78  000015  001F8D      3EF0       0  CODE        2
                text41                         001F8D  000016  001FA3      3F1A       0  CODE        2
                text36                         001FA3  00001E  001FC1      3F46       0  CODE        2
                text2                          001FC1  00001F  001FE0      3F82       0  CODE        2
                text51                         001FE0  000020  002000      3FC0       0  CODE        2


UNUSED ADDRESS RANGES

        Name                Unused          Largest block    Delta
        BANK0            006D-006F              3           1
        BANK1            00DA-00EF             16           1
        BANK2            0110-016F             60           1
        BANK3            0190-01EF             60           1
        CODE             0800-0800              1           2
                         1800-1ECC            6CD
        COMMON           007C-007D              2           1
        CONST            0800-0800              1           2
                         1800-1ECC            100
        EEDATA           2100-21FF            100           2
        ENTRY            0800-0800              1           2
                         1800-1ECC            100
        IDLOC            2000-2003              4           2
        RAM              006D-006F              3           1
                         00DA-00EF             16
                         0110-016F             60
                         0190-01EF             60
        SFR0             0000-001F             20           1
        SFR1             0080-009F             20           1
        SFR2             0100-010F             10           1
        SFR3             0180-018F             10           1
        STRCODE          0800-0800              1           2
                         1800-1ECC            6CD
        STRING           0800-0800              1           2
                         1800-1ECC            100

                                  Symbol Table

?___awdiv                                 cstackCOMMON 0072
?___awmod                                 cstackCOMMON 0072
?___fldiv                                 cstackBANK0  002E
?___fltol                                 cstackBANK0  0048
?___lldiv                                 cstackCOMMON 0072
?___lwdiv                                 cstackCOMMON 0072
?___lwmod                                 cstackBANK0  0020
?___xxtofl                                cstackBANK0  0020
?_enter_password                          cstackBANK0  0022
?_read_adc                                cstackCOMMON 0072
?_strcmp                                  cstackCOMMON 0072
_ACKDT                                    (abs)        048D
_ACKEN                                    (abs)        048C
_ACKSTAT                                  (abs)        048E
_ADCON0                                   (abs)        001F
_ADFM                                     (abs)        04FF
_ADON                                     (abs)        00F8
_ADRESH                                   (abs)        001E
_ADRESL                                   (abs)        009E
_CREN                                     (abs)        00C4
_GIE                                      (abs)        005F
_GO                                       (abs)        00FA
_PEIE                                     (abs)        005E
_PEN                                      (abs)        048A
_PORTB                                    (abs)        0006
_PORTD                                    (abs)        0008
_PSA                                      (abs)        040B
_RCEN                                     (abs)        048B
_RCIF                                     (abs)        0065
_RCREG                                    (abs)        001A
_RE1                                      (abs)        0049
_RE2                                      (abs)        004A
_R_nW                                     (abs)        04A2
_SEN                                      (abs)        0488
_SPBRG                                    (abs)        0099
_SPEN                                     (abs)        00C7
_SSPADD                                   (abs)        0093
_SSPBUF                                   (abs)        0013
_SSPCON2                                  (abs)        0091
_SSPEN                                    (abs)        00A5
_SSPM3                                    (abs)        00A3
_T0CS                                     (abs)        040D
_TMR0                                     (abs)        0001
_TMR0IE                                   (abs)        005D
_TMR0IF                                   (abs)        005A
_TRISB                                    (abs)        0086
_TRISD                                    (abs)        0088
_TRISE1                                   (abs)        0449
_TRISE2                                   (abs)        044A
_TXIF                                     (abs)        0064
_TXREG                                    (abs)        0019
__H__absolute__                           __absolute__ 0000
__Habs1                                   abs1         0000
__Hbank0                                  bank0        0000
__Hbank1                                  bank1        0000
__Hbank2                                  bank2        0000
__Hbank3                                  bank3        0000
__HbssBANK0                               bssBANK0     0000
__HbssBANK1                               bssBANK1     0000
__Hcinit                                  cinit        0043
__Hclrtext                                clrtext      0000
__Hcode                                   code         0000
__Hcommon                                 common       0000
__Hconfig                                 config       2008
__HcstackBANK0                            cstackBANK0  0000
__HcstackBANK1                            cstackBANK1  0000
__HcstackCOMMON                           cstackCOMMON 0000
__HdataBANK0                              dataBANK0    0000
__HdataBANK1                              dataBANK1    0000
__HdataCOMMON                             dataCOMMON   0000
__Heeprom_data                            eeprom_data  0000
__Hend_init                               end_init     000F
__Hfunctab                                functab      0000
__Hheap                                   heap         0000
__HidataBANK0                             idataBANK0   0000
__HidataBANK1                             idataBANK1   0000
__HidataCOMMON                            idataCOMMON  0000
__Hinit                                   init         000C
__Hinittext                               inittext     0000
__Hintentry                               intentry     000C
__Hmaintext                               maintext     0000
__Hpowerup                                powerup      0000
__Hram                                    ram          0000
__Hreset_vec                              reset_vec    0003
__Hsfr0                                   sfr0         0000
__Hsfr1                                   sfr1         0000
__Hsfr2                                   sfr2         0000
__Hsfr3                                   sfr3         0000
__Hsivt                                   sivt         000C
__Hspace_0                                (abs)        2000
__Hspace_1                                (abs)        00DA
__Hspace_2                                (abs)        0000
__Hspace_3                                (abs)        0000
__Hspace_4                                (abs)        400F
__Hstack                                  stack        0000
__Hstrings                                strings      0000
__Hstringtext                             stringtext   0000
__Htext                                   text         0000
__L__absolute__                           __absolute__ 0000
__Labs1                                   abs1         0000
__Lbank0                                  bank0        0000
__Lbank1                                  bank1        0000
__Lbank2                                  bank2        0000
__Lbank3                                  bank3        0000
__LbssBANK0                               bssBANK0     0000
__LbssBANK1                               bssBANK1     0000
__Lcinit                                  cinit        000F
__Lclrtext                                clrtext      0000
__Lcode                                   code         0000
__Lcommon                                 common       0000
__Lconfig                                 config       0000
__LcstackBANK0                            cstackBANK0  0000
__LcstackBANK1                            cstackBANK1  0000
__LcstackCOMMON                           cstackCOMMON 0000
__LdataBANK0                              dataBANK0    0000
__LdataBANK1                              dataBANK1    0000
__LdataCOMMON                             dataCOMMON   0000
__Leeprom_data                            eeprom_data  0000
__Lend_init                               end_init     000C
__Lfunctab                                functab      0000
__Lheap                                   heap         0000
__LidataBANK0                             idataBANK0   0000
__LidataBANK1                             idataBANK1   0000
__LidataCOMMON                            idataCOMMON  0000
__Linit                                   init         000C
__Linittext                               inittext     0000
__Lintentry                               intentry     0004
__Lmaintext                               maintext     0000
__Lpowerup                                powerup      0000
__Lram                                    ram          0000
__Lreset_vec                              reset_vec    0000
__Lsfr0                                   sfr0         0000
__Lsfr1                                   sfr1         0000
__Lsfr2                                   sfr2         0000
__Lsfr3                                   sfr3         0000
__Lsivt                                   sivt         000C
__Lspace_0                                (abs)        0000
__Lspace_1                                (abs)        0000
__Lspace_2                                (abs)        0000
__Lspace_3                                (abs)        0000
__Lspace_4                                (abs)        0000
__Lstack                                  stack        0000
__Lstrings                                strings      0000
__Lstringtext                             stringtext   0000
__Ltext                                   text         0000
__S0                                      (abs)        2000
__S1                                      (abs)        00DA
__S3                                      (abs)        0000
___awdiv                                  text34       1392
___awdiv@counter                          cstackCOMMON 0076
___awdiv@dividend                         cstackCOMMON 0074
___awdiv@divisor                          cstackCOMMON 0072
___awdiv@quotient                         cstackCOMMON 0078
___awdiv@sign                             cstackCOMMON 0077
___awmod                                  text33       1339
___awmod@counter                          cstackCOMMON 0076
___awmod@dividend                         cstackCOMMON 0074
___awmod@divisor                          cstackCOMMON 0072
___awmod@sign                             cstackCOMMON 0077
___bmul                                   text32       1F78
___bmul@multiplicand                      cstackCOMMON 0072
___bmul@multiplier                        cstackCOMMON 0074
___bmul@product                           cstackCOMMON 0073
___fldiv                                  text6        0347
___fldiv@a                                cstackBANK0  002E
___fldiv@aexp                             cstackBANK0  0047
___fldiv@b                                cstackBANK0  0032
___fldiv@bexp                             cstackBANK0  0046
___fldiv@grs                              cstackBANK0  0042
___fldiv@new_exp                          cstackBANK0  0040
___fldiv@rem                              cstackBANK0  003B
___fldiv@sign                             cstackBANK0  003F
___fltol                                  text5        14CA
___fltol@exp1                             cstackCOMMON 0079
___fltol@f1                               cstackBANK0  0048
___fltol@sign1                            cstackCOMMON 0078
___heap_hi                                (abs)        0000
___heap_lo                                (abs)        0000
___int_sp                                 stack        0000
___int_stack_hi                           stack        0000
___int_stack_lo                           stack        0000
___latbits                                (abs)        0002
___lldiv                                  text11       13F9
___lldiv@counter                          cstackBANK0  0025
___lldiv@dividend                         cstackCOMMON 0076
___lldiv@divisor                          cstackCOMMON 0072
___lldiv@quotient                         cstackBANK0  0021
___lwdiv                                  text44       12A0
___lwdiv@counter                          cstackCOMMON 0076
___lwdiv@dividend                         cstackCOMMON 0074
___lwdiv@divisor                          cstackCOMMON 0072
___lwdiv@quotient                         cstackCOMMON 0077
___lwmod                                  text43       1221
___lwmod@counter                          cstackCOMMON 0079
___lwmod@dividend                         cstackBANK0  0022
___lwmod@divisor                          cstackBANK0  0020
___sp                                     stack        0000
___stack_hi                               stack        0000
___stack_lo                               stack        0000
___stackhi                                (abs)        0000
___stacklo                                (abs)        0000
___xxtofl                                 text4        168C
___xxtofl@arg                             cstackBANK0  002A
___xxtofl@exp                             cstackBANK0  0029
___xxtofl@sign                            cstackBANK0  0028
___xxtofl@val                             cstackBANK0  0020
__end_of___awdiv                          text34       13F9
__end_of___awmod                          text33       1392
__end_of___bmul                           text32       1F8D
__end_of___fldiv                          text6        0516
__end_of___fltol                          text5        1542
__end_of___lldiv                          text11       1461
__end_of___lwdiv                          text44       12E4
__end_of___lwmod                          text43       125D
__end_of___xxtofl                         text4        1746
__end_of__initialization                  cinit        003F
__end_of__stringtab                       strings      0600
__end_of_change_pass                      text35       0E45
__end_of_change_time                      text26       0347
__end_of_clcd_print                       text50       11B6
__end_of_clcd_putch                       text49       1F78
__end_of_clcd_write                       text51       2000
__end_of_detect_single_press              text47       10AE
__end_of_display_logs                     text23       1000
__end_of_display_time                     text3        14CA
__end_of_download_log                     text19       05EE
__end_of_enter_menu_option                text18       168C
__end_of_enter_password                   text45       0A29
__end_of_get_time                         text28       1060
__end_of_handle_lockout                   text42       15D3
__end_of_handle_menu_navigation           text17       0CC3
__end_of_i2c_read                         text31       103F
__end_of_i2c_rep_start                    text30       1F15
__end_of_i2c_start                        text39       1EED
__end_of_i2c_stop                         text38       1EF6
__end_of_i2c_wait_for_idle                text40       1F2D
__end_of_i2c_write                        text37       1F0A
__end_of_init_adc                         text16       1EDC
__end_of_init_clcd                        text14       080C
__end_of_init_config                      text7        12A0
__end_of_init_digital_keypad              text13       1ED5
__end_of_init_display_controller          text15       1339
__end_of_init_ds1307                      text12       1F50
__end_of_init_i2c                         text10       0800
__end_of_init_timer0                      text9        1EFF
__end_of_init_uart                        text8        11E6
__end_of_isr                              text52       115A
__end_of_main                             maintext     0915
__end_of_putchar                          text22       1F20
__end_of_puts                             text21       1086
__end_of_read_adc                         text2        1FE0
__end_of_read_digital_keypad              text48       10D8
__end_of_read_ds1307                      text29       1103
__end_of_read_ext_eeprom                  text25       112E
__end_of_store_eeprom                     text24       0B68
__end_of_strcmp                           text46       1187
__end_of_strcpy                           text41       1FA3
__end_of_strncpy                          text20       1221
__end_of_update_dashboard_display         text1        1800
__end_of_write_ds1307                     text27       101E
__end_of_write_ext_eeprom                 text36       1FC1
__initialization                          cinit        000F
__pbssBANK0                               bssBANK0     0063
__pbssBANK1                               bssBANK1     00A0
__pcstackBANK0                            cstackBANK0  0020
__pcstackBANK1                            cstackBANK1  00D2
__pcstackCOMMON                           cstackCOMMON 0070
__pdataBANK0                              dataBANK0    006C
__pdataBANK1                              dataBANK1    00C2
__pdataCOMMON                             dataCOMMON   007A
__pidataBANK0                             idataBANK0   0003
__pidataBANK1                             idataBANK1   1F2D
__pidataCOMMON                            idataCOMMON  1ECD
__pintentry                               intentry     0004
__pmaintext                               maintext     080C
__pstrings                                strings      05EE
__pstringtext                             stringtext   0600
__ptext1                                  text1        1746
__ptext10                                 text10       07CE
__ptext11                                 text11       13F9
__ptext12                                 text12       1F3D
__ptext13                                 text13       1ECF
__ptext14                                 text14       0801
__ptext15                                 text15       12E4
__ptext16                                 text16       1ED5
__ptext17                                 text17       0B68
__ptext18                                 text18       15D3
__ptext19                                 text19       0516
__ptext2                                  text2        1FC1
__ptext20                                 text20       11E6
__ptext21                                 text21       1060
__ptext22                                 text22       1F15
__ptext23                                 text23       0E45
__ptext24                                 text24       0A29
__ptext25                                 text25       1103
__ptext26                                 text26       0043
__ptext27                                 text27       1000
__ptext28                                 text28       103F
__ptext29                                 text29       10D8
__ptext3                                  text3        1461
__ptext30                                 text30       1F0A
__ptext31                                 text31       101E
__ptext32                                 text32       1F78
__ptext33                                 text33       1339
__ptext34                                 text34       1392
__ptext35                                 text35       0CC3
__ptext36                                 text36       1FA3
__ptext37                                 text37       1EFF
__ptext38                                 text38       1EED
__ptext39                                 text39       1EE4
__ptext4                                  text4        168C
__ptext40                                 text40       1F20
__ptext41                                 text41       1F8D
__ptext42                                 text42       1542
__ptext43                                 text43       1221
__ptext44                                 text44       12A0
__ptext45                                 text45       0915
__ptext46                                 text46       115A
__ptext47                                 text47       1086
__ptext48                                 text48       10AE
__ptext49                                 text49       1F63
__ptext5                                  text5        14CA
__ptext50                                 text50       1187
__ptext51                                 text51       1FE0
__ptext52                                 text52       112E
__ptext6                                  text6        0347
__ptext7                                  text7        125D
__ptext8                                  text8        11B6
__ptext9                                  text9        1EF6
__stringbase                              strings      0600
__stringtab                               strings      05EE
_block                                    bssBANK0     0065
_change_pass                              text35       0CC3
_change_pass$400                          cstackBANK0  002F
_change_pass$403                          cstackBANK0  0031
_change_time                              text26       0043
_clcd_print                               text50       1187
_clcd_putch                               text49       1F63
_clcd_write                               text51       1FE0
_clear_flag                               bssBANK1     00AB
_clock_reg                                bssBANK1     00BF
_dash_mode                                dataBANK0    006C
_detect_single_press                      text47       1086
_display_logs                             text23       0E45
_display_time                             text3        1461
_download_log                             text19       0516
_enter_menu_option                        text18       15D3
_enter_password                           text45       0915
_enter_password$456                       cstackBANK0  002F
_event                                    dataBANK1    00C2
_get_time                                 text28       103F
_handle_lockout                           text42       1542
_handle_menu_navigation                   text17       0B68
_i                                        bssBANK0     0067
_i2c_read                                 text31       101E
_i2c_rep_start                            text30       1F0A
_i2c_start                                text39       1EE4
_i2c_stop                                 text38       1EED
_i2c_wait_for_idle                        text40       1F20
_i2c_write                                text37       1EFF
_init_adc                                 text16       1ED5
_init_clcd                                text14       0801
_init_config                              text7        125D
_init_digital_keypad                      text13       1ECF
_init_display_controller                  text15       12E4
_init_ds1307                              text12       1F3D
_init_i2c                                 text10       07CE
_init_timer0                              text9        1EF6
_init_uart                                text8        11B6
_isr                                      text52       112E
_log_counter                              bssBANK0     0063
_main                                     maintext     080C
_nDONE                                    (abs)        00FA
_pass                                     bssBANK1     00B7
_putchar                                  text22       1F15
_puts                                     text21       1060
_read_adc                                 text2        1FC1
_read_digital_keypad                      text48       10AE
_read_ds1307                              text29       10D8
_read_ext_eeprom                          text25       1103
_speed                                    bssBANK1     00BC
_store_eeprom                             text24       0A29
_strcmp                                   text46       115A
_strcpy                                   text41       1F8D
_strncpy                                  text20       11E6
_time                                     bssBANK1     00AE
_update_dashboard_display                 text1        1746
_write_ds1307                             text27       1000
_write_ext_eeprom                         text36       1FA3
btemp                                     (abs)        007E
change_pass@addr                          cstackBANK0  0035
change_pass@i                             cstackBANK0  0033
change_pass@key                           cstackBANK0  0039
change_pass@new_pass                      cstackBANK0  002A
change_pass@pos                           cstackBANK0  0037
change_pass@re_pass                       cstackBANK0  0025
change_time@blink                         cstackBANK0  002E
change_time@blink_pos                     cstackBANK0  0033
change_time@dummy                         cstackBANK0  002F
change_time@key                           cstackBANK0  002D
change_time@long_press_counter            cstackBANK0  002C
change_time@new_time                      cstackBANK0  0030
change_time@one_time                      cstackBANK0  002B
change_time@wait                          cstackBANK0  0029
clcd_print@addr                           cstackCOMMON 0078
clcd_print@str                            cstackCOMMON 0076
clcd_putch@addr                           cstackBANK0  0020
clcd_putch@data                           cstackBANK0  0021
clcd_write@byte                           cstackCOMMON 0075
clcd_write@mode                           cstackCOMMON 0072
clear_ram0                                clrtext      1EDC
detect_single_press@key                   cstackCOMMON 0077
detect_single_press@prev_key              dataCOMMON   007A
display_logs@addr                         cstackBANK0  004F
display_logs@eeprom_data                  cstackBANK0  0041
display_logs@index                        cstackBANK0  0059
display_logs@j                            cstackBANK0  0050
display_logs@j_387                        cstackBANK0  0052
display_logs@j_388                        cstackBANK0  0054
display_logs@j_389                        cstackBANK0  0056
display_logs@key                          cstackBANK0  0058
display_logs@long_press_counter           cstackBANK0  004D
display_time@clock_reg                    cstackBANK0  0020
download_log@addr                         cstackBANK0  003C
download_log@eeprom_data                  cstackBANK0  0020
download_log@gear                         cstackBANK0  0036
download_log@j                            cstackBANK0  003F
download_log@log_index                    cstackBANK0  003D
download_log@speed                        cstackBANK0  0039
download_log@time                         cstackBANK0  002D
end_of_initialization                     cinit        003F
enter_menu_option@down_press              cstackBANK0  005E
enter_password@attempt                    cstackBANK0  0022
enter_password@i                          cstackBANK0  002D
enter_password@key                        cstackBANK0  0033
enter_password@pass                       cstackBANK0  002C
enter_password@pos                        cstackBANK0  0031
enter_password@usr_pass                   cstackBANK0  0027
get_time@clock_reg                        cstackCOMMON 0076
handle_lockout@hundreds                   cstackBANK0  0024
handle_lockout@ones                       cstackBANK0  0026
handle_lockout@tens                       cstackBANK0  0025
handle_menu_navigation@down_press         cstackBANK0  0060
handle_menu_navigation@long_press_counter cstackBANK0  005F
handle_menu_navigation@sw5_pressed        bssBANK0     006A
handle_menu_navigation@sw5_timer          bssBANK1     00A7
handle_menu_navigation@sw6_pressed        bssBANK0     0069
handle_menu_navigation@sw6_timer          bssBANK1     00A5
i2c_read@ack                              cstackCOMMON 0072
i2c_read@data                             cstackCOMMON 0073
i2c_write@data                            cstackCOMMON 0072
init_ds1307@dummy                         cstackCOMMON 0076
init_fetch0                               inittext     1F50
init_i2c@baud                             cstackBANK0  0026
init_ram0                                 inittext     1F54
init_uart@baud                            cstackBANK0  0026
interrupt_function                        intentry     0004
intlevel0                                 functab      0000
intlevel1                                 functab      0000
intlevel2                                 functab      0000
intlevel3                                 functab      0000
intlevel4                                 functab      0000
intlevel5                                 functab      0000
isr@count                                 bssBANK1     00A9
main@attempt                              cstackBANK1  00D7
main@down_press                           cstackBANK1  00D9
main@i                                    cstackBANK1  00D5
main@key                                  cstackBANK1  00D4
main@long_press_counter                   cstackBANK1  00D2
putchar@data                              cstackCOMMON 0072
puts@s                                    cstackCOMMON 0073
read_adc@adc_reg_val                      cstackCOMMON 0076
read_adc@channel                          cstackCOMMON 0075
read_digital_keypad@mode                  cstackCOMMON 0073
read_digital_keypad@once                  dataCOMMON   007B
read_ds1307@addr                          cstackCOMMON 0074
read_ds1307@data                          cstackCOMMON 0075
read_ext_eeprom@addr                      cstackCOMMON 0074
read_ext_eeprom@data                      cstackCOMMON 0075
reset_vec                                 reset_vec    0000
saved_w                                   (abs)        007E
start                                     init         000C
start_initialization                      cinit        000F
store_eeprom@addr                         cstackBANK0  0031
store_eeprom@eeprom_data                  cstackBANK0  0025
store_eeprom@index                        cstackBANK0  0032
store_eeprom@j                            cstackBANK0  0034
store_eeprom@j_267                        cstackBANK0  0036
store_eeprom@j_269                        cstackBANK0  0038
store_eeprom@j_270                        cstackBANK0  003A
store_eeprom@j_271                        cstackBANK0  003C
strcmp@l                                  cstackCOMMON 0076
strcmp@r                                  cstackCOMMON 0072
strcpy@d                                  cstackCOMMON 0073
strcpy@dest                               cstackCOMMON 0074
strcpy@src                                cstackCOMMON 0072
strncpy@cp                                cstackCOMMON 0076
strncpy@d                                 cstackCOMMON 0075
strncpy@n                                 cstackCOMMON 0073
strncpy@s                                 cstackCOMMON 0072
update_dashboard_display@adc_val          cstackBANK0  0054
write_ds1307@addr                         cstackCOMMON 0074
write_ds1307@data                         cstackCOMMON 0073
write_ext_eeprom@addr                     cstackCOMMON 0076
write_ext_eeprom@data                     cstackCOMMON 0075
wtemp0                                    (abs)        007E


MODULE INFORMATION

Module		Function		Class		Link	Load	Size
C:\Program Files\Microchip\xc8\v2.46\pic\sources\c99\common\fltol.c
		___fltol       		CODE           	14CA	0000	120

C:\Program Files\Microchip\xc8\v2.46\pic\sources\c99\common\fltol.c estimated size: 120

digital_keypad.c
		_init_digital_keypad		CODE           	1ECF	0000	6
		_read_digital_keypad		CODE           	10AE	0000	42

digital_keypad.c estimated size: 48

uart.c
		_init_uart     		CODE           	11B6	0000	48
		_puts          		CODE           	1060	0000	38
		_putchar       		CODE           	1F15	0000	11

uart.c estimated size: 97

C:\Program Files\Microchip\xc8\v2.46\pic\sources\c99\common\lwdiv.c
		___lwdiv       		CODE           	12A0	0000	68

C:\Program Files\Microchip\xc8\v2.46\pic\sources\c99\common\lwdiv.c estimated size: 68

C:\Program Files\Microchip\xc8\v2.46\pic\sources\c99\common\awdiv.c
		___awdiv       		CODE           	1392	0000	103

C:\Program Files\Microchip\xc8\v2.46\pic\sources\c99\common\awdiv.c estimated size: 103

external_eerprom.c
		_write_ext_eeprom		CODE           	1FA3	0000	30
		_read_ext_eeprom		CODE           	1103	0000	43
		_store_eeprom  		CODE           	0A29	0000	319

external_eerprom.c estimated size: 392

C:\Program Files\Microchip\xc8\v2.46\pic\sources\c99\common\xxtofl.c
		___xxtofl      		CODE           	168C	0000	186

C:\Program Files\Microchip\xc8\v2.46\pic\sources\c99\common\xxtofl.c estimated size: 186

timer.c
		_init_timer0   		CODE           	1EF6	0000	9

timer.c estimated size: 9

i2c.c
		_i2c_start     		CODE           	1EE4	0000	9
		_i2c_rep_start 		CODE           	1F0A	0000	11
		_i2c_write     		CODE           	1EFF	0000	11
		_i2c_stop      		CODE           	1EED	0000	9
		_i2c_read      		CODE           	101E	0000	33
		_init_i2c      		CODE           	07CE	0000	50
		_i2c_wait_for_idle		CODE           	1F20	0000	13

i2c.c estimated size: 136

C:\Program Files\Microchip\xc8\v2.46\pic\sources\c99\common\Umul8.c
		___bmul        		CODE           	1F78	0000	21

C:\Program Files\Microchip\xc8\v2.46\pic\sources\c99\common\Umul8.c estimated size: 21

C:\Program Files\Microchip\xc8\v2.46\pic\sources\c99\common\strcmp.c
		_strcmp        		CODE           	115A	0000	45

C:\Program Files\Microchip\xc8\v2.46\pic\sources\c99\common\strcmp.c estimated size: 45

C:\Program Files\Microchip\xc8\v2.46\pic\sources\c99\common\strncpy.c
		_strncpy       		CODE           	11E6	0000	59

C:\Program Files\Microchip\xc8\v2.46\pic\sources\c99\common\strncpy.c estimated size: 59

C:\Program Files\Microchip\xc8\v2.46\pic\sources\c99\common\strcpy.c
		_strcpy        		CODE           	1F8D	0000	22

C:\Program Files\Microchip\xc8\v2.46\pic\sources\c99\common\strcpy.c estimated size: 22

C:\Program Files\Microchip\xc8\v2.46\pic\sources\c99\common\sprcdiv.c
		___fldiv       		CODE           	0347	0000	463

C:\Program Files\Microchip\xc8\v2.46\pic\sources\c99\common\sprcdiv.c estimated size: 463

ds1307.c
		_read_ds1307   		CODE           	10D8	0000	43
		_write_ds1307  		CODE           	1000	0000	30
		_display_time  		CODE           	1461	0000	105
		_get_time      		CODE           	103F	0000	33
		_init_ds1307   		CODE           	1F3D	0000	19

ds1307.c estimated size: 230

function.c
		_display_logs  		CODE           	0E45	0000	443
		_update_dashboard_display		CODE           	1746	0000	186
		_handle_menu_navigation		CODE           	0B68	0000	347
		_download_log  		CODE           	0516	0000	216
		_enter_password		CODE           	0915	0000	276
		_enter_menu_option		CODE           	15D3	0000	185
		_change_time   		CODE           	0043	0000	772
		_change_pass   		CODE           	0CC3	0000	386
		_detect_single_press		CODE           	1086	0000	40

function.c estimated size: 2851

adc.c
		_init_adc      		CODE           	1ED5	0000	7
		_read_adc      		CODE           	1FC1	0000	31

adc.c estimated size: 38

isr.c
		_isr           		CODE           	112E	0000	44

isr.c estimated size: 44

shared
		__stringtab    		STRING         	05EE	0000	18
		__initialization		CODE           	000F	0000	48

shared estimated size: 66

C:\Program Files\Microchip\xc8\v2.46\pic\sources\c99\common\__lldiv.c
		___lldiv       		CODE           	13F9	0000	104

C:\Program Files\Microchip\xc8\v2.46\pic\sources\c99\common\__lldiv.c estimated size: 104

clcd.c
		_clcd_write    		CODE           	1FE0	0000	32
		_clcd_print    		CODE           	1187	0000	47
		_clcd_putch    		CODE           	1F63	0000	21
		_init_display_controller		CODE           	12E4	0000	85
		_init_clcd     		CODE           	0801	0000	11

clcd.c estimated size: 196

C:\Program Files\Microchip\xc8\v2.46\pic\sources\c99\common\lwmod.c
		___lwmod       		CODE           	1221	0000	60

C:\Program Files\Microchip\xc8\v2.46\pic\sources\c99\common\lwmod.c estimated size: 60

C:\Program Files\Microchip\xc8\v2.46\pic\sources\c99\common\awmod.c
		___awmod       		CODE           	1339	0000	89

C:\Program Files\Microchip\xc8\v2.46\pic\sources\c99\common\awmod.c estimated size: 89

main.c
		_main          		CODE           	080C	0000	265
		_handle_lockout		CODE           	1542	0000	145
		_init_config   		CODE           	125D	0000	67

main.c estimated size: 477

